MPLINK 4.49, Linker
Linker Map File - Created Wed Nov 04 17:29:11 2020

                                 Section Info
                  Section       Type    Address   Location Size(Bytes)
                ---------  ---------  ---------  ---------  ---------
                   .org_0       code   0x000000    program   0x000000
                   .org_1       code   0x000000    program   0x000004
                   .org_2       code   0x000008    program   0x000002
                   .org_3       code   0x000018    program   0x000020



                              Program Memory Usage 
                               Start         End      
                           ---------   ---------      
                            0x000000    0x000003      
                            0x000008    0x000009      
                            0x000018    0x000037      
            38 out of 33048 program addresses used, program memory utilization is 0%



                              Symbols - Sorted by Name
                     Name    Address   Location    Storage File                     
                ---------  ---------  ---------  --------- ---------                
                   OnLED0   0x000030    program     static C:\Users\fariz fadil\Documents\MICROASSIGNMENT\quiz7POLLING.asm
                   OnLED1   0x000034    program     static C:\Users\fariz fadil\Documents\MICROASSIGNMENT\quiz7POLLING.asm
                    check   0x000020    program     static C:\Users\fariz fadil\Documents\MICROASSIGNMENT\quiz7POLLING.asm
                   check1   0x000028    program     static C:\Users\fariz fadil\Documents\MICROASSIGNMENT\quiz7POLLING.asm
                    start   0x00001a    program     static C:\Users\fariz fadil\Documents\MICROASSIGNMENT\quiz7POLLING.asm



                              Symbols - Sorted by Address
                     Name    Address   Location    Storage File                     
                ---------  ---------  ---------  --------- ---------                
                    start   0x00001a    program     static C:\Users\fariz fadil\Documents\MICROASSIGNMENT\quiz7POLLING.asm
                    check   0x000020    program     static C:\Users\fariz fadil\Documents\MICROASSIGNMENT\quiz7POLLING.asm
                   check1   0x000028    program     static C:\Users\fariz fadil\Documents\MICROASSIGNMENT\quiz7POLLING.asm
                   OnLED0   0x000030    program     static C:\Users\fariz fadil\Documents\MICROASSIGNMENT\quiz7POLLING.asm
                   OnLED1   0x000034    program     static C:\Users\fariz fadil\Documents\MICROASSIGNMENT\quiz7POLLING.asm


